	Geometry Module
=========================================
Using ```integer_validator```
-----------------------------------------



>>> BaseGeometry = __import__('7-base_geometry').BaseGeometry
>>> bg = BaseGeometry()
>>> bg.integer_validator("my_int", 12)


>>> bg.integer_validator("come", 0)
Traceback (most recent call last):
...
ValueError: come must be greater than 0

>>> bg.integer_validator("hello", -10)
Traceback (most recent call last):
...
ValueError: hello must be greater than 0

>>> bg.integer_validator("not int", "alx")
Traceback (most recent call last):
...
TypeError: not int must be an integer

>>> bg.integer_validator()
Traceback (most recent call last):
...
TypeError: BaseGeometry.integer_validator() missing 2 required positional arguments: 'name' and 'value'


>>> bg.integer_validator("int")
Traceback (most recent call last):
...
TypeError: BaseGeometry.integer_validator() missing 1 required positional argument: 'value'
